
<dialog class="markdown_modal" data-url="/?&amp;filebrowser=editorbrowser&amp;editor=markdown&amp;prefix=.%2F&amp;type=TYPE">
  <p class="markdown_buttons">
    <button type="button">close</button>
  </p>
  <div>
    <iframe src="about:blank"></iframe>
  <div>
</dialog>
<script src="./plugins/markdown/markdown/markdown.js"></script>
<script>init_tinyMDE()</script>
