
<link rel="stylesheet" href="./plugins/markdown/markdown/tiny-mde/tiny-mde.min.css">
<script src="./plugins/markdown/markdown/tiny-mde/tiny-mde.min.js"></script>
