
<article class="markdown_plugininfo">
  <h1>Markdown 0.1-dev</h1>
  <section class="markdown_syscheck">
    <h2>System Check<h2>
    <p class="xh_fail">PHP version ≥ 7.4.0: bad</p>
    <p class="xh_fail">PHP extension DOM available: bad</p>
    <p class="xh_fail">CMSimple_XH version ≥ 1.7.0: bad</p>
    <p class="xh_fail">Plib_XH version ≥ 1.10: bad</p>
    <p class="xh_fail">./css/ is writable: bad</p>
    <p class="xh_fail">./languages/ is writable: bad</p>
  </section>
</article>
